Copyright 1986-2022 Xilinx, Inc. All Rights Reserved. Copyright 2022-2023 Advanced Micro Devices, Inc. All Rights Reserved.
---------------------------------------------------------------------------------------------------------------------------------------------
| Tool Version : Vivado v.2023.2 (win64) Build 4029153 Fri Oct 13 20:14:34 MDT 2023
| Date         : Sun Sep 13 11:59:51 2026
| Host         : zlsjtj running 64-bit major release  (build 9200)
| Command      : report_cdc -details -file reports/synthesis/cdc.rpt
| Design       : apb_uart
| Device       : 7a35t-cpg236
| Speed File   : -1  PRODUCTION 1.23 2018-06-13
| Design State : Synthesized
---------------------------------------------------------------------------------------------------------------------------------------------

CDC Report

ID      Severity  Count  Description
------  --------  -----  -------------------------------------------------------
CDC-3   Info          9  1-bit synchronized with ASYNC_REG property
CDC-6   Warning       5  Multi-bit synchronized with ASYNC_REG property
CDC-9   Info          4  Asynchronous reset synchronized with ASYNC_REG property
CDC-15  Warning      42  Clock enable controlled CDC structure detected

Source Clock: input port clock
Destination Clock: pclk
CDC Type: No Common Primary Clock

Row  ID     Severity  Description                                              Depth  Exception   Source (From)  Destination (To)
---  -----  --------  -------------------------------------------------------  -----  ----------  -------------  -------------------------------------------
  1  CDC-9  Info      Asynchronous reset synchronized with ASYNC_REG property      2  False Path  uart_rst_n     u_fifo_pclk_reset_sync/sync_pipe_reg[0]/CLR
  2  CDC-9  Info      Asynchronous reset synchronized with ASYNC_REG property      2  False Path  presetn        u_pclk_reset_sync/sync_pipe_reg[0]/CLR

Source Clock: uart_clk
Destination Clock: pclk
CDC Type: No Common Primary Clock

Row  ID     Severity  Description                                     Depth  Exception                Source (From)                              Destination (To)
---  -----  --------  ----------------------------------------------  -----  -----------------------  -----------------------------------------  -------------------------------------
  1  CDC-3  Info      1-bit synchronized with ASYNC_REG property          2  False Path               u_serial_core/u_uart_rx/frame_err_o_reg/C  rx_frame_err_pclk_q1_reg/D
  2  CDC-3  Info      1-bit synchronized with ASYNC_REG property          2  False Path               u_rx_fifo/wr_full_q_reg/C                  rx_full_pclk_q1_reg/D
  3  CDC-3  Info      1-bit synchronized with ASYNC_REG property          2  False Path               u_tx_fifo/rd_empty_reg/C                   tx_empty_pclk_q1_reg/D
  4  CDC-3  Info      1-bit synchronized with ASYNC_REG property          2  False Path               u_cfg_cdc/cfg_req_seen_reg/C               u_cfg_cdc/cfg_ack_meta_reg/D
  5  CDC-6  Warning   Multi-bit synchronized with ASYNC_REG property      2  Max Delay Datapath Only  u_rx_fifo/wgray_reg[3:0]/C                 u_rx_fifo/wgray_rclk_q1_reg[3:0]/D
  6  CDC-3  Info      1-bit synchronized with ASYNC_REG property          2  Max Delay Datapath Only  u_rx_fifo/wbin_reg[4]/C                    u_rx_fifo/wgray_rclk_q1_reg[4]/D
  7  CDC-6  Warning   Multi-bit synchronized with ASYNC_REG property      2  Max Delay Datapath Only  u_tx_completion/retired_gray_reg[5:0]/C    u_tx_completion/retired_q1_reg[5:0]/D
  8  CDC-6  Warning   Multi-bit synchronized with ASYNC_REG property      2  Max Delay Datapath Only  u_tx_fifo/rgray_reg[3:0]/C                 u_tx_fifo/rgray_wclk_q1_reg[3:0]/D
  9  CDC-3  Info      1-bit synchronized with ASYNC_REG property          2  Max Delay Datapath Only  u_tx_fifo/rbin_reg[4]/C                    u_tx_fifo/rgray_wclk_q1_reg[4]/D

Source Clock: input port clock
Destination Clock: uart_clk
CDC Type: No Common Primary Clock

Row  ID     Severity  Description                                              Depth  Exception   Source (From)  Destination (To)
---  -----  --------  -------------------------------------------------------  -----  ----------  -------------  -------------------------------------------
  1  CDC-9  Info      Asynchronous reset synchronized with ASYNC_REG property      2  False Path  uart_rst_n     u_fifo_uart_reset_sync/sync_pipe_reg[0]/CLR
  2  CDC-9  Info      Asynchronous reset synchronized with ASYNC_REG property      2  False Path  uart_rst_n     u_uart_reset_sync/sync_pipe_reg[0]/CLR

Source Clock: pclk
Destination Clock: uart_clk
CDC Type: No Common Primary Clock

Row  ID      Severity  Description                                     Depth  Exception                Source (From)                           Destination (To)
---  ------  --------  ----------------------------------------------  -----  -----------------------  --------------------------------------  ----------------------------------------
  1  CDC-15  Warning   Clock enable controlled CDC structure detected      0  Max Delay Datapath Only  u_cfg_cdc/cfg_baud_hold_reg[0]/C        u_cfg_cdc/baud_uart_cfg_reg[0]/D
  2  CDC-15  Warning   Clock enable controlled CDC structure detected      0  Max Delay Datapath Only  u_cfg_cdc/cfg_baud_hold_reg[1]/C        u_cfg_cdc/baud_uart_cfg_reg[1]/D
  3  CDC-15  Warning   Clock enable controlled CDC structure detected      0  Max Delay Datapath Only  u_cfg_cdc/cfg_baud_hold_reg[2]/C        u_cfg_cdc/baud_uart_cfg_reg[2]/D
  4  CDC-15  Warning   Clock enable controlled CDC structure detected      0  Max Delay Datapath Only  u_cfg_cdc/cfg_baud_hold_reg[3]/C        u_cfg_cdc/baud_uart_cfg_reg[3]/D
  5  CDC-15  Warning   Clock enable controlled CDC structure detected      0  Max Delay Datapath Only  u_cfg_cdc/cfg_baud_hold_reg[4]/C        u_cfg_cdc/baud_uart_cfg_reg[4]/D
  6  CDC-15  Warning   Clock enable controlled CDC structure detected      0  Max Delay Datapath Only  u_cfg_cdc/cfg_baud_hold_reg[5]/C        u_cfg_cdc/baud_uart_cfg_reg[5]/D
  7  CDC-15  Warning   Clock enable controlled CDC structure detected      0  Max Delay Datapath Only  u_cfg_cdc/cfg_baud_hold_reg[6]/C        u_cfg_cdc/baud_uart_cfg_reg[6]/D
  8  CDC-15  Warning   Clock enable controlled CDC structure detected      0  Max Delay Datapath Only  u_cfg_cdc/cfg_baud_hold_reg[7]/C        u_cfg_cdc/baud_uart_cfg_reg[7]/D
  9  CDC-15  Warning   Clock enable controlled CDC structure detected      0  Max Delay Datapath Only  u_cfg_cdc/cfg_baud_hold_reg[8]/C        u_cfg_cdc/baud_uart_cfg_reg[8]/D
 10  CDC-15  Warning   Clock enable controlled CDC structure detected      0  Max Delay Datapath Only  u_cfg_cdc/cfg_baud_hold_reg[9]/C        u_cfg_cdc/baud_uart_cfg_reg[9]/D
 11  CDC-15  Warning   Clock enable controlled CDC structure detected      0  Max Delay Datapath Only  u_cfg_cdc/cfg_baud_hold_reg[10]/C       u_cfg_cdc/baud_uart_cfg_reg[10]/D
 12  CDC-15  Warning   Clock enable controlled CDC structure detected      0  Max Delay Datapath Only  u_cfg_cdc/cfg_baud_hold_reg[11]/C       u_cfg_cdc/baud_uart_cfg_reg[11]/D
 13  CDC-15  Warning   Clock enable controlled CDC structure detected      0  Max Delay Datapath Only  u_cfg_cdc/cfg_baud_hold_reg[12]/C       u_cfg_cdc/baud_uart_cfg_reg[12]/D
 14  CDC-15  Warning   Clock enable controlled CDC structure detected      0  Max Delay Datapath Only  u_cfg_cdc/cfg_baud_hold_reg[13]/C       u_cfg_cdc/baud_uart_cfg_reg[13]/D
 15  CDC-15  Warning   Clock enable controlled CDC structure detected      0  Max Delay Datapath Only  u_cfg_cdc/cfg_baud_hold_reg[14]/C       u_cfg_cdc/baud_uart_cfg_reg[14]/D
 16  CDC-15  Warning   Clock enable controlled CDC structure detected      0  Max Delay Datapath Only  u_cfg_cdc/cfg_baud_hold_reg[15]/C       u_cfg_cdc/baud_uart_cfg_reg[15]/D
 17  CDC-15  Warning   Clock enable controlled CDC structure detected      0  Max Delay Datapath Only  u_cfg_cdc/cfg_baud_hold_reg[16]/C       u_cfg_cdc/baud_uart_cfg_reg[16]/D
 18  CDC-15  Warning   Clock enable controlled CDC structure detected      0  Max Delay Datapath Only  u_cfg_cdc/cfg_baud_hold_reg[17]/C       u_cfg_cdc/baud_uart_cfg_reg[17]/D
 19  CDC-15  Warning   Clock enable controlled CDC structure detected      0  Max Delay Datapath Only  u_cfg_cdc/cfg_baud_hold_reg[18]/C       u_cfg_cdc/baud_uart_cfg_reg[18]/D
 20  CDC-15  Warning   Clock enable controlled CDC structure detected      0  Max Delay Datapath Only  u_cfg_cdc/cfg_baud_hold_reg[19]/C       u_cfg_cdc/baud_uart_cfg_reg[19]/D
 21  CDC-15  Warning   Clock enable controlled CDC structure detected      0  Max Delay Datapath Only  u_cfg_cdc/cfg_baud_hold_reg[20]/C       u_cfg_cdc/baud_uart_cfg_reg[20]/D
 22  CDC-15  Warning   Clock enable controlled CDC structure detected      0  Max Delay Datapath Only  u_cfg_cdc/cfg_baud_hold_reg[21]/C       u_cfg_cdc/baud_uart_cfg_reg[21]/D
 23  CDC-15  Warning   Clock enable controlled CDC structure detected      0  Max Delay Datapath Only  u_cfg_cdc/cfg_baud_hold_reg[22]/C       u_cfg_cdc/baud_uart_cfg_reg[22]/D
 24  CDC-15  Warning   Clock enable controlled CDC structure detected      0  Max Delay Datapath Only  u_cfg_cdc/cfg_baud_hold_reg[23]/C       u_cfg_cdc/baud_uart_cfg_reg[23]/D
 25  CDC-15  Warning   Clock enable controlled CDC structure detected      0  Max Delay Datapath Only  u_cfg_cdc/cfg_baud_hold_reg[24]/C       u_cfg_cdc/baud_uart_cfg_reg[24]/D
 26  CDC-15  Warning   Clock enable controlled CDC structure detected      0  Max Delay Datapath Only  u_cfg_cdc/cfg_baud_hold_reg[25]/C       u_cfg_cdc/baud_uart_cfg_reg[25]/D
 27  CDC-15  Warning   Clock enable controlled CDC structure detected      0  Max Delay Datapath Only  u_cfg_cdc/cfg_baud_hold_reg[26]/C       u_cfg_cdc/baud_uart_cfg_reg[26]/D
 28  CDC-15  Warning   Clock enable controlled CDC structure detected      0  Max Delay Datapath Only  u_cfg_cdc/cfg_baud_hold_reg[27]/C       u_cfg_cdc/baud_uart_cfg_reg[27]/D
 29  CDC-15  Warning   Clock enable controlled CDC structure detected      0  Max Delay Datapath Only  u_cfg_cdc/cfg_baud_hold_reg[28]/C       u_cfg_cdc/baud_uart_cfg_reg[28]/D
 30  CDC-15  Warning   Clock enable controlled CDC structure detected      0  Max Delay Datapath Only  u_cfg_cdc/cfg_baud_hold_reg[29]/C       u_cfg_cdc/baud_uart_cfg_reg[29]/D
 31  CDC-15  Warning   Clock enable controlled CDC structure detected      0  Max Delay Datapath Only  u_cfg_cdc/cfg_baud_hold_reg[30]/C       u_cfg_cdc/baud_uart_cfg_reg[30]/D
 32  CDC-15  Warning   Clock enable controlled CDC structure detected      0  Max Delay Datapath Only  u_cfg_cdc/cfg_baud_hold_reg[31]/C       u_cfg_cdc/baud_uart_cfg_reg[31]/D
 33  CDC-3   Info      1-bit synchronized with ASYNC_REG property          2  False Path               u_cfg_cdc/cfg_req_tgl_reg/C             u_cfg_cdc/cfg_req_meta_reg/D
 34  CDC-15  Warning   Clock enable controlled CDC structure detected      0  Max Delay Datapath Only  u_cfg_cdc/cfg_ctrl_hold_reg[0]/C        u_cfg_cdc/ctrl_uart_cfg_reg[0]/D
 35  CDC-15  Warning   Clock enable controlled CDC structure detected      0  Max Delay Datapath Only  u_cfg_cdc/cfg_ctrl_hold_reg[1]/C        u_cfg_cdc/ctrl_uart_cfg_reg[1]/D
 36  CDC-6   Warning   Multi-bit synchronized with ASYNC_REG property      2  Max Delay Datapath Only  u_rx_fifo/rgray_reg[3:0]/C              u_rx_fifo/rgray_wclk_q1_reg[3:0]/D
 37  CDC-3   Info      1-bit synchronized with ASYNC_REG property          2  Max Delay Datapath Only  u_rx_fifo/rbin_reg[4]/C                 u_rx_fifo/rgray_wclk_q1_reg[4]/D
 38  CDC-15  Warning   Clock enable controlled CDC structure detected      0  Max Delay Datapath Only  u_tx_fifo/mem_reg_0_15_0_5/RAMA/CLK     u_serial_core/u_uart_tx/shifter_reg[0]/D
 39  CDC-15  Warning   Clock enable controlled CDC structure detected      0  Max Delay Datapath Only  u_tx_fifo/mem_reg_0_15_0_5/RAMA_D1/CLK  u_serial_core/u_uart_tx/shifter_reg[1]/D
 40  CDC-15  Warning   Clock enable controlled CDC structure detected      0  Max Delay Datapath Only  u_tx_fifo/mem_reg_0_15_0_5/RAMB/CLK     u_serial_core/u_uart_tx/shifter_reg[2]/D
 41  CDC-15  Warning   Clock enable controlled CDC structure detected      0  Max Delay Datapath Only  u_tx_fifo/mem_reg_0_15_0_5/RAMB_D1/CLK  u_serial_core/u_uart_tx/shifter_reg[3]/D
 42  CDC-15  Warning   Clock enable controlled CDC structure detected      0  Max Delay Datapath Only  u_tx_fifo/mem_reg_0_15_0_5/RAMC/CLK     u_serial_core/u_uart_tx/shifter_reg[4]/D
 43  CDC-15  Warning   Clock enable controlled CDC structure detected      0  Max Delay Datapath Only  u_tx_fifo/mem_reg_0_15_0_5/RAMC_D1/CLK  u_serial_core/u_uart_tx/shifter_reg[5]/D
 44  CDC-15  Warning   Clock enable controlled CDC structure detected      0  Max Delay Datapath Only  u_tx_fifo/mem_reg_0_15_6_7/DP/CLK       u_serial_core/u_uart_tx/shifter_reg[6]/D
 45  CDC-15  Warning   Clock enable controlled CDC structure detected      0  Max Delay Datapath Only  u_tx_fifo/mem_reg_0_15_6_7__0/DP/CLK    u_serial_core/u_uart_tx/shifter_reg[7]/D
 46  CDC-6   Warning   Multi-bit synchronized with ASYNC_REG property      2  Max Delay Datapath Only  u_tx_fifo/wgray_reg[3:0]/C              u_tx_fifo/wgray_rclk_q1_reg[3:0]/D
 47  CDC-3   Info      1-bit synchronized with ASYNC_REG property          2  Max Delay Datapath Only  u_tx_fifo/wbin_reg[4]/C                 u_tx_fifo/wgray_rclk_q1_reg[4]/D

